(base) tajima@INFP-MacBook-Pro ~ % cd /Users/tajima/Desktop/git_challenge
(base) tajima@INFP-MacBook-Pro git_challenge % git init
Initialized empty Git repository in /Users/tajima/Desktop/git_challenge/.git/
(base) tajima@INFP-MacBook-Pro git_challenge % git add hello_world.txt
(base) tajima@INFP-MacBook-Pro git_challenge % git commit -m "1回目の変更：Hello, world! を追加"
[main (root-commit) 1f15a9b] 1回目の変更：Hello, world! を追加
 1 file changed, 1 insertion(+)
 create mode 100644 hello_world.txt
(base) tajima@INFP-MacBook-Pro git_challenge % git add hello_world.txt
(base) tajima@INFP-MacBook-Pro git_challenge % git commit -m "2回目の変更"
[main 4397e0d] 2回目の変更
 1 file changed, 2 insertions(+), 1 deletion(-)
(base) tajima@INFP-MacBook-Pro git_challenge % git log --oneline
4397e0d (HEAD -> main) 2回目の変更
1f15a9b 1回目の変更：Hello, world! を追加
(base) tajima@INFP-MacBook-Pro git_challenge % 